// Vitest Snapshot v1, https://vitest.dev/guide/snapshot.html

exports[`getReactAdminResources > should return all resources when user has canViewFamiliesWithinProject permission 1`] = `
[
  {
    "list": [Function],
    "name": "events-and-event-groups",
    "options": {
      "label": "events.list.title",
    },
  },
  {
    "create": [Function],
    "edit": [Function],
    "icon": {
      "$$typeof": Symbol(react.memo),
      "compare": null,
      "type": {
        "$$typeof": Symbol(react.forward_ref),
        "render": [Function],
      },
    },
    "name": "events",
    "show": [Function],
  },
  {
    "create": [Function],
    "edit": [Function],
    "icon": {
      "$$typeof": Symbol(react.memo),
      "compare": null,
      "type": {
        "$$typeof": Symbol(react.forward_ref),
        "render": [Function],
      },
    },
    "list": [Function],
    "name": "venues",
    "options": {
      "label": "venues.list.title",
    },
    "show": [Function],
  },
  {
    "icon": {
      "$$typeof": Symbol(react.memo),
      "compare": null,
      "type": {
        "$$typeof": Symbol(react.forward_ref),
        "render": [Function],
      },
    },
    "list": [Function],
    "name": "children",
    "options": {
      "label": "children.list.title",
    },
    "show": [Function],
  },
  {
    "create": [Function],
    "edit": [Function],
    "name": "occurrences",
    "show": [Function],
  },
  {
    "create": [Function],
    "edit": [Function],
    "icon": {
      "$$typeof": Symbol(react.memo),
      "compare": null,
      "type": {
        "$$typeof": Symbol(react.forward_ref),
        "render": [Function],
      },
    },
    "list": [Function],
    "name": "messages",
    "options": {
      "label": "messages.list.title",
    },
    "show": [Function],
  },
  {
    "create": [Function],
    "edit": [Function],
    "name": "event-groups",
    "show": [Function],
  },
]
`;
