// Vitest Snapshot v1, https://vitest.dev/guide/snapshot.html

exports[`authService > fetchApiToken > should call axios with the right arguments 1`] = `
[
  "https://tunnistus.test.hel.ninja/auth/realms/helsinki-tunnistus/protocol/openid-connect/token",
  {
    "baseURL": "https://tunnistus.test.hel.ninja/auth/realms/helsinki-tunnistus/",
    "data": {
      "audience": "kukkuu-api-dev",
      "grant_type": "urn:ietf:params:oauth:grant-type:uma-ticket",
      "permission": "#access",
    },
    "headers": {
      "Accept": "application/json",
      "Authorization": "bearer db237bc3-e197-43de-8c86-3feea4c5f886",
      "Content-Type": "application/x-www-form-urlencoded;charset=UTF-8",
    },
    "method": "post",
  },
]
`;

exports[`authService > fetchApiToken > should call localStorage.setItem with the right arguments 1`] = `
[
  "apiToken",
  undefined,
]
`;
